<html>
<body>
<pre>
<h1>µVision Build Log</h1>
<h2>Tool Versions:</h2>
IDE-Version: •ÏVision V5.28.0.0
Copyright (C) 2019 ARM Ltd and ARM Germany GmbH. All rights reserved.
License Information: Youngwook Kim, Kwangwoon, LIC=----
 
Tool Versions:
Toolchain:       MDK-Lite  Version: 5.28.0.0
Toolchain Path:  C:\Keil_v5\ARM\ARMCC\Bin
C Compiler:      Armcc.exe V5.06 update 6 (build 750)
Assembler:       Armasm.exe V5.06 update 6 (build 750)
Linker/Locator:  ArmLink.exe V5.06 update 6 (build 750)
Library Manager: ArmAr.exe V5.06 update 6 (build 750)
Hex Converter:   FromElf.exe V5.06 update 6 (build 750)
CPU DLL:         SARM.DLL V5.28.0.0
Dialog DLL:      DARMP3.DLL 
<h2>Project:</h2>
C:\ARM\Top\Top.uvproj
Project File Date:  11/22/2019

<h2>Output:</h2>
*** Using Compiler 'V5.06 update 6 (build 750)', folder: 'C:\Keil_v5\ARM\ARMCC\Bin'
Build target 'Target 1'
assembling Top.s...
Top.s(5): warning: A1865W: '#' not seen before constant expression
Top.s(6): warning: A1865W: '#' not seen before constant expression
Top.s(9): warning: A1865W: '#' not seen before constant expression
Top.s(556): warning: A1865W: '#' not seen before constant expression
Top.s(558): warning: A1865W: '#' not seen before constant expression
Top.s(559): warning: A1865W: '#' not seen before constant expression
Top.s(578): warning: A1865W: '#' not seen before constant expression
Top.s(579): warning: A1865W: '#' not seen before constant expression
Top.s(592): warning: A1865W: '#' not seen before constant expression
Top.s(609): warning: A1865W: '#' not seen before constant expression
Top.s(611): warning: A1865W: '#' not seen before constant expression
Top.s(633): warning: A1865W: '#' not seen before constant expression
Top.s(650): warning: A1865W: '#' not seen before constant expression
Top.s(652): warning: A1865W: '#' not seen before constant expression
Top.s(675): warning: A1865W: '#' not seen before constant expression
Top.s(693): warning: A1865W: '#' not seen before constant expression
Top.s(695): warning: A1865W: '#' not seen before constant expression
Top.s(719): warning: A1865W: '#' not seen before constant expression
Top.s(737): warning: A1865W: '#' not seen before constant expression
Top.s(739): warning: A1865W: '#' not seen before constant expression
Top.s(762): warning: A1865W: '#' not seen before constant expression
Top.s(780): warning: A1865W: '#' not seen before constant expression
Top.s(782): warning: A1865W: '#' not seen before constant expression
Top.s(805): warning: A1865W: '#' not seen before constant expression
Top.s(823): warning: A1865W: '#' not seen before constant expression
Top.s(825): warning: A1865W: '#' not seen before constant expression
Top.s(843): warning: A1865W: '#' not seen before constant expression
Top.s(845): warning: A1865W: '#' not seen before constant expression
Top.s(862): warning: A1865W: '#' not seen before constant expression
Top.s(864): warning: A1865W: '#' not seen before constant expression
Top.s(881): warning: A1865W: '#' not seen before constant expression
Top.s(883): warning: A1865W: '#' not seen before constant expression
Top.s(900): warning: A1865W: '#' not seen before constant expression
Top.s(902): warning: A1865W: '#' not seen before constant expression
Top.s(903): warning: A1865W: '#' not seen before constant expression
Top.s(948): warning: A1865W: '#' not seen before constant expression
Top.s(949): warning: A1865W: '#' not seen before constant expression
Top.s(963): warning: A1865W: '#' not seen before constant expression
Top.s(980): warning: A1865W: '#' not seen before constant expression
Top.s(982): warning: A1865W: '#' not seen before constant expression
Top.s(1003): warning: A1865W: '#' not seen before constant expression
Top.s(1020): warning: A1865W: '#' not seen before constant expression
Top.s(1022): warning: A1865W: '#' not seen before constant expression
Top.s(1043): warning: A1865W: '#' not seen before constant expression
Top.s(1060): warning: A1865W: '#' not seen before constant expression
Top.s(1062): warning: A1865W: '#' not seen before constant expression
Top.s(1083): warning: A1865W: '#' not seen before constant expression
Top.s(1101): warning: A1865W: '#' not seen before constant expression
Top.s(1103): warning: A1865W: '#' not seen before constant expression
Top.s(1124): warning: A1865W: '#' not seen before constant expression
Top.s(1142): warning: A1865W: '#' not seen before constant expression
Top.s(1144): warning: A1865W: '#' not seen before constant expression
Top.s(1165): warning: A1865W: '#' not seen before constant expression
Top.s(1183): warning: A1865W: '#' not seen before constant expression
Top.s(1185): warning: A1865W: '#' not seen before constant expression
Top.s(1206): warning: A1865W: '#' not seen before constant expression
Top.s(1224): warning: A1865W: '#' not seen before constant expression
Top.s(1226): warning: A1865W: '#' not seen before constant expression
Top.s(1247): warning: A1865W: '#' not seen before constant expression
Top.s(1265): warning: A1865W: '#' not seen before constant expression
Top.s(1267): warning: A1865W: '#' not seen before constant expression
Top.s(1288): warning: A1865W: '#' not seen before constant expression
Top.s(1306): warning: A1865W: '#' not seen before constant expression
Top.s(1308): warning: A1865W: '#' not seen before constant expression
Top.s(1329): warning: A1865W: '#' not seen before constant expression
Top.s(1347): warning: A1865W: '#' not seen before constant expression
Top.s(1349): warning: A1865W: '#' not seen before constant expression
Top.s(1370): warning: A1865W: '#' not seen before constant expression
Top.s(1388): warning: A1865W: '#' not seen before constant expression
Top.s(1390): warning: A1865W: '#' not seen before constant expression
Top.s(1411): warning: A1865W: '#' not seen before constant expression
Top.s(1429): warning: A1865W: '#' not seen before constant expression
Top.s(1431): warning: A1865W: '#' not seen before constant expression
Top.s(1447): warning: A1865W: '#' not seen before constant expression
Top.s(1449): warning: A1865W: '#' not seen before constant expression
Top.s(1464): warning: A1865W: '#' not seen before constant expression
Top.s(1466): warning: A1865W: '#' not seen before constant expression
Top.s(1481): warning: A1865W: '#' not seen before constant expression
Top.s(1483): warning: A1865W: '#' not seen before constant expression
Top.s(1498): warning: A1865W: '#' not seen before constant expression
Top.s(1500): warning: A1865W: '#' not seen before constant expression
Top.s(1514): warning: A1865W: '#' not seen before constant expression
Top.s(1516): warning: A1865W: '#' not seen before constant expression
Top.s(1517): warning: A1865W: '#' not seen before constant expression
Top.s(1577): warning: A1865W: '#' not seen before constant expression
Top.s(1578): warning: A1865W: '#' not seen before constant expression
Top.s(1592): warning: A1865W: '#' not seen before constant expression
Top.s(1610): warning: A1865W: '#' not seen before constant expression
Top.s(1612): warning: A1865W: '#' not seen before constant expression
Top.s(1633): warning: A1865W: '#' not seen before constant expression
Top.s(1651): warning: A1865W: '#' not seen before constant expression
Top.s(1653): warning: A1865W: '#' not seen before constant expression
Top.s(1674): warning: A1865W: '#' not seen before constant expression
Top.s(1692): warning: A1865W: '#' not seen before constant expression
Top.s(1694): warning: A1865W: '#' not seen before constant expression
Top.s(1715): warning: A1865W: '#' not seen before constant expression
Top.s(1733): warning: A1865W: '#' not seen before constant expression
Top.s(1735): warning: A1865W: '#' not seen before constant expression
Top.s(1756): warning: A1865W: '#' not seen before constant expression
Top.s(1774): warning: A1865W: '#' not seen before constant expression
Top.s(1776): warning: A1865W: '#' not seen before constant expression
Top.s(1797): warning: A1865W: '#' not seen before constant expression
Top.s(1815): warning: A1865W: '#' not seen before constant expression
Top.s(1817): warning: A1865W: '#' not seen before constant expression
Top.s(1838): warning: A1865W: '#' not seen before constant expression
Top.s(1856): warning: A1865W: '#' not seen before constant expression
Top.s(1858): warning: A1865W: '#' not seen before constant expression
Top.s(1879): warning: A1865W: '#' not seen before constant expression
Top.s(1897): warning: A1865W: '#' not seen before constant expression
Top.s(1899): warning: A1865W: '#' not seen before constant expression
Top.s(1920): warning: A1865W: '#' not seen before constant expression
Top.s(1938): warning: A1865W: '#' not seen before constant expression
Top.s(1940): warning: A1865W: '#' not seen before constant expression
Top.s(1961): warning: A1865W: '#' not seen before constant expression
Top.s(1979): warning: A1865W: '#' not seen before constant expression
Top.s(1981): warning: A1865W: '#' not seen before constant expression
Top.s(2002): warning: A1865W: '#' not seen before constant expression
Top.s(2020): warning: A1865W: '#' not seen before constant expression
Top.s(2022): warning: A1865W: '#' not seen before constant expression
Top.s(2043): warning: A1865W: '#' not seen before constant expression
Top.s(2061): warning: A1865W: '#' not seen before constant expression
Top.s(2063): warning: A1865W: '#' not seen before constant expression
Top.s(2084): warning: A1865W: '#' not seen before constant expression
Top.s(2102): warning: A1865W: '#' not seen before constant expression
Top.s(2104): warning: A1865W: '#' not seen before constant expression
Top.s(2125): warning: A1865W: '#' not seen before constant expression
Top.s(2143): warning: A1865W: '#' not seen before constant expression
Top.s(2145): warning: A1865W: '#' not seen before constant expression
Top.s(2166): warning: A1865W: '#' not seen before constant expression
Top.s(2184): warning: A1865W: '#' not seen before constant expression
Top.s(2186): warning: A1865W: '#' not seen before constant expression
Top.s(2207): warning: A1865W: '#' not seen before constant expression
Top.s(2225): warning: A1865W: '#' not seen before constant expression
Top.s(2227): warning: A1865W: '#' not seen before constant expression
Top.s(2248): warning: A1865W: '#' not seen before constant expression
Top.s(2266): warning: A1865W: '#' not seen before constant expression
Top.s(2268): warning: A1865W: '#' not seen before constant expression
Top.s(2289): warning: A1865W: '#' not seen before constant expression
Top.s(2307): warning: A1865W: '#' not seen before constant expression
Top.s(2309): warning: A1865W: '#' not seen before constant expression
Top.s(2330): warning: A1865W: '#' not seen before constant expression
Top.s(2348): warning: A1865W: '#' not seen before constant expression
Top.s(2350): warning: A1865W: '#' not seen before constant expression
Top.s(2371): warning: A1865W: '#' not seen before constant expression
Top.s(2389): warning: A1865W: '#' not seen before constant expression
Top.s(2391): warning: A1865W: '#' not seen before constant expression
Top.s(2407): warning: A1865W: '#' not seen before constant expression
Top.s(2409): warning: A1865W: '#' not seen before constant expression
Top.s(2424): warning: A1865W: '#' not seen before constant expression
Top.s(2426): warning: A1865W: '#' not seen before constant expression
Top.s(2441): warning: A1865W: '#' not seen before constant expression
Top.s(2443): warning: A1865W: '#' not seen before constant expression
Top.s(2458): warning: A1865W: '#' not seen before constant expression
Top.s(2460): warning: A1865W: '#' not seen before constant expression
Top.s(2475): warning: A1865W: '#' not seen before constant expression
Top.s(2477): warning: A1865W: '#' not seen before constant expression
Top.s(2491): warning: A1865W: '#' not seen before constant expression
Top.s(2493): warning: A1865W: '#' not seen before constant expression
Top.s(2517): warning: A1865W: '#' not seen before constant expression
Top.s(2556): warning: A1865W: '#' not seen before constant expression
Top.s(2557): warning: A1865W: '#' not seen before constant expression
Top.s(2574): warning: A1865W: '#' not seen before constant expression
Top.s(2614): warning: A1865W: '#' not seen before constant expression
Top.s(2615): warning: A1865W: '#' not seen before constant expression
Top.s(2632): warning: A1865W: '#' not seen before constant expression
Top.s(2673): warning: A1865W: '#' not seen before constant expression
Top.s(2674): warning: A1865W: '#' not seen before constant expression
Top.s(2691): warning: A1865W: '#' not seen before constant expression
Top.s(2733): warning: A1865W: '#' not seen before constant expression
Top.s(2734): warning: A1865W: '#' not seen before constant expression
Top.s(2752): warning: A1865W: '#' not seen before constant expression
Top.s(2795): warning: A1865W: '#' not seen before constant expression
Top.s(2796): warning: A1865W: '#' not seen before constant expression
Top.s(2815): warning: A1865W: '#' not seen before constant expression
Top.s(2833): warning: A1865W: '#' not seen before constant expression
Top.s(2859): warning: A1865W: '#' not seen before constant expression
Top.s(2877): warning: A1865W: '#' not seen before constant expression
Top.s(2904): warning: A1865W: '#' not seen before constant expression
Top.s(2922): warning: A1865W: '#' not seen before constant expression
Top.s(2949): warning: A1865W: '#' not seen before constant expression
Top.s(2967): warning: A1865W: '#' not seen before constant expression
Top.s(2994): warning: A1865W: '#' not seen before constant expression
Top.s(3012): warning: A1865W: '#' not seen before constant expression
Top.s(3039): warning: A1865W: '#' not seen before constant expression
Top.s(3057): warning: A1865W: '#' not seen before constant expression
Top.s(3084): warning: A1865W: '#' not seen before constant expression
Top.s(3102): warning: A1865W: '#' not seen before constant expression
Top.s(3129): warning: A1865W: '#' not seen before constant expression
Top.s(3147): warning: A1865W: '#' not seen before constant expression
Top.s(3174): warning: A1865W: '#' not seen before constant expression
Top.s(3192): warning: A1865W: '#' not seen before constant expression
Top.s(3221): warning: A1865W: '#' not seen before constant expression
Top.s(3241): warning: A1865W: '#' not seen before constant expression
Top.s(3268): warning: A1865W: '#' not seen before constant expression
Top.s(3288): warning: A1865W: '#' not seen before constant expression
Top.s(3315): warning: A1865W: '#' not seen before constant expression
Top.s(3335): warning: A1865W: '#' not seen before constant expression
Top.s(3362): warning: A1865W: '#' not seen before constant expression
Top.s(3382): warning: A1865W: '#' not seen before constant expression
Top.s(3409): warning: A1865W: '#' not seen before constant expression
Top.s(3429): warning: A1865W: '#' not seen before constant expression
Top.s(3456): warning: A1865W: '#' not seen before constant expression
Top.s(3476): warning: A1865W: '#' not seen before constant expression
Top.s(3503): warning: A1865W: '#' not seen before constant expression
Top.s(3523): warning: A1865W: '#' not seen before constant expression
Top.s(3550): warning: A1865W: '#' not seen before constant expression
Top.s(3570): warning: A1865W: '#' not seen before constant expression
Top.s(3597): warning: A1865W: '#' not seen before constant expression
Top.s(3617): warning: A1865W: '#' not seen before constant expression
Top.s(3642): warning: A1865W: '#' not seen before constant expression
Top.s(3652): warning: A1865W: '#' not seen before constant expression
Top.s(3654): warning: A1865W: '#' not seen before constant expression
Top.s(3657): warning: A1865W: '#' not seen before constant expression
Top.s(3660): warning: A1865W: '#' not seen before constant expression
Top.s(3663): warning: A1865W: '#' not seen before constant expression
Top.s(3666): warning: A1865W: '#' not seen before constant expression
Top.s(3714): warning: A1865W: '#' not seen before constant expression
Top.s(3716): warning: A1865W: '#' not seen before constant expression
Top.s(3754): warning: A1865W: '#' not seen before constant expression
Top.s(3860): warning: A1865W: '#' not seen before constant expression
Top.s(3861): warning: A1865W: '#' not seen before constant expression
Top.s(3880): warning: A1865W: '#' not seen before constant expression
Top.s(3987): warning: A1865W: '#' not seen before constant expression
Top.s(3988): warning: A1865W: '#' not seen before constant expression
Top.s(4007): warning: A1865W: '#' not seen before constant expression
Top.s(4115): warning: A1865W: '#' not seen before constant expression
Top.s(4116): warning: A1865W: '#' not seen before constant expression
Top.s(4135): warning: A1865W: '#' not seen before constant expression
Top.s(4244): warning: A1865W: '#' not seen before constant expression
Top.s(4245): warning: A1865W: '#' not seen before constant expression
Top.s(4264): warning: A1865W: '#' not seen before constant expression
Top.s(4374): warning: A1865W: '#' not seen before constant expression
Top.s(4375): warning: A1865W: '#' not seen before constant expression
Top.s(4394): warning: A1865W: '#' not seen before constant expression
Top.s(4505): warning: A1865W: '#' not seen before constant expression
Top.s(4506): warning: A1865W: '#' not seen before constant expression
Top.s(4525): warning: A1865W: '#' not seen before constant expression
Top.s(4637): warning: A1865W: '#' not seen before constant expression
Top.s(4638): warning: A1865W: '#' not seen before constant expression
Top.s(4657): warning: A1865W: '#' not seen before constant expression
Top.s(4770): warning: A1865W: '#' not seen before constant expression
Top.s(4771): warning: A1865W: '#' not seen before constant expression
Top.s(4790): warning: A1865W: '#' not seen before constant expression
Top.s(4904): warning: A1865W: '#' not seen before constant expression
Top.s(4905): warning: A1865W: '#' not seen before constant expression
Top.s(4925): warning: A1865W: '#' not seen before constant expression
Top.s(5040): warning: A1865W: '#' not seen before constant expression
Top.s(5041): warning: A1865W: '#' not seen before constant expression
Top.s(5059): warning: A1865W: '#' not seen before constant expression
Top.s(5077): warning: A1865W: '#' not seen before constant expression
Top.s(5103): warning: A1865W: '#' not seen before constant expression
Top.s(5121): warning: A1865W: '#' not seen before constant expression
Top.s(5148): warning: A1865W: '#' not seen before constant expression
Top.s(5166): warning: A1865W: '#' not seen before constant expression
Top.s(5193): warning: A1865W: '#' not seen before constant expression
Top.s(5211): warning: A1865W: '#' not seen before constant expression
Top.s(5238): warning: A1865W: '#' not seen before constant expression
Top.s(5256): warning: A1865W: '#' not seen before constant expression
Top.s(5283): warning: A1865W: '#' not seen before constant expression
Top.s(5301): warning: A1865W: '#' not seen before constant expression
Top.s(5328): warning: A1865W: '#' not seen before constant expression
Top.s(5346): warning: A1865W: '#' not seen before constant expression
Top.s(5373): warning: A1865W: '#' not seen before constant expression
Top.s(5391): warning: A1865W: '#' not seen before constant expression
Top.s(5418): warning: A1865W: '#' not seen before constant expression
Top.s(5436): warning: A1865W: '#' not seen before constant expression
Top.s(5463): warning: A1865W: '#' not seen before constant expression
Top.s(5481): warning: A1865W: '#' not seen before constant expression
Top.s(5508): warning: A1865W: '#' not seen before constant expression
Top.s(5526): warning: A1865W: '#' not seen before constant expression
Top.s(5553): warning: A1865W: '#' not seen before constant expression
Top.s(5571): warning: A1865W: '#' not seen before constant expression
Top.s(5598): warning: A1865W: '#' not seen before constant expression
Top.s(5616): warning: A1865W: '#' not seen before constant expression
Top.s(5644): warning: A1865W: '#' not seen before constant expression
Top.s(5662): warning: A1865W: '#' not seen before constant expression
Top.s(5691): warning: A1865W: '#' not seen before constant expression
Top.s(5709): warning: A1865W: '#' not seen before constant expression
Top.s(5738): warning: A1865W: '#' not seen before constant expression
Top.s(5756): warning: A1865W: '#' not seen before constant expression
Top.s(5785): warning: A1865W: '#' not seen before constant expression
Top.s(5803): warning: A1865W: '#' not seen before constant expression
Top.s(5832): warning: A1865W: '#' not seen before constant expression
Top.s(5850): warning: A1865W: '#' not seen before constant expression
Top.s(5879): warning: A1865W: '#' not seen before constant expression
Top.s(5897): warning: A1865W: '#' not seen before constant expression
Top.s(5931): warning: A1865W: '#' not seen before constant expression
Top.s(5954): warning: A1865W: '#' not seen before constant expression
Top.s(5985): warning: A1865W: '#' not seen before constant expression
Top.s(6008): warning: A1865W: '#' not seen before constant expression
Top.s(6039): warning: A1865W: '#' not seen before constant expression
Top.s(6062): warning: A1865W: '#' not seen before constant expression
Top.s(6093): warning: A1865W: '#' not seen before constant expression
Top.s(6116): warning: A1865W: '#' not seen before constant expression
Top.s(6147): warning: A1865W: '#' not seen before constant expression
Top.s(6170): warning: A1865W: '#' not seen before constant expression
Top.s(6201): warning: A1865W: '#' not seen before constant expression
Top.s(6224): warning: A1865W: '#' not seen before constant expression
Top.s(6255): warning: A1865W: '#' not seen before constant expression
Top.s(6278): warning: A1865W: '#' not seen before constant expression
Top.s(6306): warning: A1865W: '#' not seen before constant expression
Top.s(6327): warning: A1865W: '#' not seen before constant expression
Top.s(6355): warning: A1865W: '#' not seen before constant expression
Top.s(6376): warning: A1865W: '#' not seen before constant expression
Top.s(6404): warning: A1865W: '#' not seen before constant expression
Top.s(6425): warning: A1865W: '#' not seen before constant expression
Top.s(6453): warning: A1865W: '#' not seen before constant expression
Top.s(6474): warning: A1865W: '#' not seen before constant expression
Top.s(6502): warning: A1865W: '#' not seen before constant expression
Top.s(6523): warning: A1865W: '#' not seen before constant expression
Top.s(6551): warning: A1865W: '#' not seen before constant expression
Top.s(6572): warning: A1865W: '#' not seen before constant expression
Top.s(6600): warning: A1865W: '#' not seen before constant expression
Top.s(6621): warning: A1865W: '#' not seen before constant expression
Top.s(6649): warning: A1865W: '#' not seen before constant expression
Top.s(6670): warning: A1865W: '#' not seen before constant expression
Top.s(6698): warning: A1865W: '#' not seen before constant expression
Top.s(6719): warning: A1865W: '#' not seen before constant expression
Top.s(6747): warning: A1865W: '#' not seen before constant expression
Top.s(6768): warning: A1865W: '#' not seen before constant expression
Top.s(6796): warning: A1865W: '#' not seen before constant expression
Top.s(6817): warning: A1865W: '#' not seen before constant expression
Top.s(6845): warning: A1865W: '#' not seen before constant expression
Top.s(6866): warning: A1865W: '#' not seen before constant expression
Top.s(6890): warning: A1865W: '#' not seen before constant expression
Top.s(6900): warning: A1865W: '#' not seen before constant expression
Top.s(6902): warning: A1865W: '#' not seen before constant expression
Top.s(6905): warning: A1865W: '#' not seen before constant expression
Top.s(6908): warning: A1865W: '#' not seen before constant expression
Top.s(6911): warning: A1865W: '#' not seen before constant expression
Top.s(6914): warning: A1865W: '#' not seen before constant expression
Top.s(6917): warning: A1865W: '#' not seen before constant expression
Top.s(6920): warning: A1865W: '#' not seen before constant expression
Top.s(6923): warning: A1865W: '#' not seen before constant expression
Top.s(6926): warning: A1865W: '#' not seen before constant expression
Top.s(6929): warning: A1865W: '#' not seen before constant expression
Top.s(7079): warning: A1865W: '#' not seen before constant expression
Top.s(7081): warning: A1865W: '#' not seen before constant expression
Top.s(7086): warning: A1865W: '#' not seen before constant expression
Top.s(7087): warning: A1865W: '#' not seen before constant expression
Top.s(7089): warning: A1865W: '#' not seen before constant expression
Top.s(7090): warning: A1865W: '#' not seen before constant expression
Top.s(7164): warning: A1865W: '#' not seen before constant expression
Top.s(7166): warning: A1865W: '#' not seen before constant expression
Top.s(7170): warning: A1865W: '#' not seen before constant expression
Top.s(7171): warning: A1865W: '#' not seen before constant expression
Top.s(7173): warning: A1865W: '#' not seen before constant expression
Top.s(7174): warning: A1865W: '#' not seen before constant expression
Top.s(7230): warning: A1865W: '#' not seen before constant expression
Top.s(7232): warning: A1865W: '#' not seen before constant expression
Top.s(7235): warning: A1865W: '#' not seen before constant expression
Top.s(7236): warning: A1865W: '#' not seen before constant expression
Top.s(7239): warning: A1865W: '#' not seen before constant expression
Top.s(7240): warning: A1865W: '#' not seen before constant expression
Top.s(7277): warning: A1865W: '#' not seen before constant expression
Top.s(7278): warning: A1865W: '#' not seen before constant expression
Top.s(7392): warning: A1865W: '#' not seen before constant expression
Top.s(7393): warning: A1865W: '#' not seen before constant expression
Top.s(7504): warning: A1865W: '#' not seen before constant expression
Top.s(7505): warning: A1865W: '#' not seen before constant expression
Top.s(7606): warning: A1865W: '#' not seen before constant expression
Top.s(7607): warning: A1865W: '#' not seen before constant expression
Top.s(2505): warning: A1471W: Directive LTORG may be in an executable position
Top.s(3738): warning: A1471W: Directive LTORG may be in an executable position
Top.s(7695): warning: A1608W: MOV pc,<rn> instruction used, but BX <rn> is preferred
Top.s(7701): warning: A1608W: MOV pc,<rn> instruction used, but BX <rn> is preferred
Top.s(7706): warning: A1608W: MOV pc,<rn> instruction used, but BX <rn> is preferred
Top.s(7717): warning: A1608W: MOV pc,<rn> instruction used, but BX <rn> is preferred
Top.s(7827): warning: A1608W: MOV pc,<rn> instruction used, but BX <rn> is preferred
Top.s(7955): warning: A1608W: MOV pc,<rn> instruction used, but BX <rn> is preferred
linking...
Program Size: Code=27944 RO-data=0 RW-data=0 ZI-data=0  
".\Objects\Top.axf" - 0 Error(s), 370 Warning(s).
Build Time Elapsed:  00:00:01
</pre>
</body>
</html>
